../../Middlewares/ST/touchgfx/framework/include/touchgfx/Screen.hpp:144:18:virtual void touchgfx::Screen::handleTickEvent()	0	static
../../Middlewares/ST/touchgfx/framework/include/touchgfx/Screen.hpp:154:18:virtual void touchgfx::Screen::handleKeyEvent(uint8_t)	0	static
D:/ProjetoSTM32ECG/ECG/TouchGFX/gui/src/cadastro_screen/CadastroView.cpp:20:6:virtual void CadastroView::tearDownScreen()	0	static
D:/ProjetoSTM32ECG/ECG/TouchGFX/gui/src/cadastro_screen/CadastroView.cpp:71:6:virtual void CadastroView::AtualizarRedes()	0	static
../../Middlewares/ST/touchgfx/framework/include/touchgfx/Callback.hpp:357:8:touchgfx::Callback<CadastroView, short int>::~Callback()	0	static
../../Middlewares/ST/touchgfx/framework/include/touchgfx/containers/scrollers/DrawableList.hpp:79:7:touchgfx::DrawableListItems<ContainerConexaoWIFI, 8>::~DrawableListItems()	16	static
../../Middlewares/ST/touchgfx/framework/include/touchgfx/Callback.hpp:386:18:void touchgfx::Callback<dest_type, T1, void, void>::execute(T1) [with dest_type = CadastroView; T1 = short int]	8	static
../../Middlewares/ST/touchgfx/framework/include/touchgfx/Callback.hpp:396:18:bool touchgfx::Callback<dest_type, T1, void, void>::isValid() const [with dest_type = CadastroView; T1 = short int]	0	static
../../Middlewares/ST/touchgfx/framework/include/touchgfx/containers/scrollers/DrawableList.hpp:101:21:int16_t touchgfx::DrawableListItems<TYPE, SIZE>::getNumberOfDrawables() [with TYPE = ContainerConexaoWIFI; int SIZE = 8]	0	static
../../Middlewares/ST/touchgfx/framework/include/touchgfx/containers/scrollers/DrawableList.hpp:79:7:virtual touchgfx::DrawableListItems<ContainerConexaoWIFI, 8>::~DrawableListItems()	8	static
../../Middlewares/ST/touchgfx/framework/include/touchgfx/Callback.hpp:357:8:virtual touchgfx::Callback<CadastroView, short int>::~Callback()	8	static
D:/ProjetoSTM32ECG/ECG/TouchGFX/gui/src/cadastro_screen/CadastroView.cpp:14:6:virtual void CadastroView::setupScreen()	8	static
D:/ProjetoSTM32ECG/ECG/TouchGFX/gui/src/cadastro_screen/CadastroView.cpp:66:6:virtual void CadastroView::itensAlterados()	0	static
D:/ProjetoSTM32ECG/ECG/TouchGFX/gui/src/cadastro_screen/CadastroView.cpp:60:6:virtual void CadastroView::scrollList1UpdateItem(ContainerConexaoWIFI&, int16_t)	0	static
D:/ProjetoSTM32ECG/ECG/TouchGFX/gui/src/cadastro_screen/CadastroView.cpp:76:6:virtual void CadastroView::defnumredes(uint8_t)	16	static
D:/ProjetoSTM32ECG/ECG/TouchGFX/gui/src/cadastro_screen/CadastroView.cpp:83:6:void CadastroView::scrollList1_ItemSelectedHandler(int16_t)	8	static
../../Middlewares/ST/touchgfx/framework/include/touchgfx/containers/scrollers/DrawableList.hpp:82:23:touchgfx::Drawable* touchgfx::DrawableListItems<TYPE, SIZE>::getDrawable(int16_t) [with TYPE = ContainerConexaoWIFI; int SIZE = 8]	8	static
D:/ProjetoSTM32ECG/ECG/TouchGFX/gui/src/cadastro_screen/CadastroView.cpp:25:6:virtual void CadastroView::initCadastro()	24	static
../../TouchGFX/gui/include/gui/cadastro_screen/CadastroView.hpp:11:13:CadastroView::~CadastroView()	8	static
../../TouchGFX/gui/include/gui/cadastro_screen/CadastroView.hpp:11:13:virtual CadastroView::~CadastroView()	8	static
../../Middlewares/ST/touchgfx/framework/include/touchgfx/Bitmap.hpp:133:14:touchgfx::BitmapId touchgfx::Bitmap::getId() const	8	static
D:/ProjetoSTM32ECG/ECG/TouchGFX/gui/src/cadastro_screen/CadastroView.cpp:43:6:virtual void CadastroView::ToggleWiFi()	16	static
D:/ProjetoSTM32ECG/ECG/TouchGFX/gui/src/cadastro_screen/CadastroView.cpp:8:1:CadastroView::CadastroView()	8	static
