D:/ProjetoSTM32ECG/ECG/TouchGFX/gui/src/model/Model.cpp:48:1:Model::Model()	0	static
D:/ProjetoSTM32ECG/ECG/TouchGFX/gui/src/model/Model.cpp:53:6:void Model::tick()	32	static
D:/ProjetoSTM32ECG/ECG/TouchGFX/gui/src/model/Model.cpp:83:6:void Model::M_1kSPS_selected()	0	static
D:/ProjetoSTM32ECG/ECG/TouchGFX/gui/src/model/Model.cpp:88:6:void Model::M_500SPS_selected()	0	static
D:/ProjetoSTM32ECG/ECG/TouchGFX/gui/src/model/Model.cpp:93:6:void Model::M_250SPS_selected()	0	static
D:/ProjetoSTM32ECG/ECG/TouchGFX/gui/src/model/Model.cpp:98:6:void Model::M_125SPS_selected()	0	static
D:/ProjetoSTM32ECG/ECG/TouchGFX/gui/src/model/Model.cpp:103:6:void Model::M_Gain12_selected()	0	static
D:/ProjetoSTM32ECG/ECG/TouchGFX/gui/src/model/Model.cpp:114:6:void Model::M_Gain8_selected()	0	static
D:/ProjetoSTM32ECG/ECG/TouchGFX/gui/src/model/Model.cpp:125:6:void Model::M_Gain6_selected()	0	static
D:/ProjetoSTM32ECG/ECG/TouchGFX/gui/src/model/Model.cpp:136:6:void Model::M_Gain4_selected()	0	static
D:/ProjetoSTM32ECG/ECG/TouchGFX/gui/src/model/Model.cpp:147:6:void Model::M_Gain3_selected()	0	static
D:/ProjetoSTM32ECG/ECG/TouchGFX/gui/src/model/Model.cpp:158:6:void Model::M_Gain2_selected()	0	static
D:/ProjetoSTM32ECG/ECG/TouchGFX/gui/src/model/Model.cpp:169:6:void Model::M_Gain1_selected()	0	static
D:/ProjetoSTM32ECG/ECG/TouchGFX/gui/src/model/Model.cpp:180:6:void Model::StartRDataC()	8	static
D:/ProjetoSTM32ECG/ECG/TouchGFX/gui/src/model/Model.cpp:186:6:void Model::StopRDataC()	0	static
D:/ProjetoSTM32ECG/ECG/TouchGFX/gui/src/model/Model.cpp:191:6:void Model::AjusteEscala()	8	static
D:/ProjetoSTM32ECG/ECG/TouchGFX/gui/src/model/Model.cpp:207:6:void Model::SetModoNormal()	0	static
D:/ProjetoSTM32ECG/ECG/TouchGFX/gui/src/model/Model.cpp:213:6:void Model::SetModoTeste()	0	static
D:/ProjetoSTM32ECG/ECG/TouchGFX/gui/src/model/Model.cpp:220:6:void Model::M_InitESP()	0	static
D:/ProjetoSTM32ECG/ECG/TouchGFX/gui/src/model/Model.cpp:225:6:void Model::WiFiESP_OFF()	0	static
D:/ProjetoSTM32ECG/ECG/TouchGFX/gui/src/model/Model.cpp:230:6:void Model::AtualizarListaRedes()	8	static
D:/ProjetoSTM32ECG/ECG/TouchGFX/gui/src/model/Model.cpp:238:6:void Model::NextDerivSelect()	0	static
D:/ProjetoSTM32ECG/ECG/TouchGFX/gui/src/model/Model.cpp:245:6:void Model::BackDerivSelect()	0	static
D:/ProjetoSTM32ECG/ECG/TouchGFX/gui/src/model/Model.cpp:252:6:void Model::MConnectWifi()	0	static
