D:/ProjetoSTM32ECG/ECG/Core/Src/main.c:2067:6:panTompinksCalculation_Task	8	static
D:/ProjetoSTM32ECG/ECG/Core/Src/main.c:2094:6:BPMestimation_Task	8	static
D:/ProjetoSTM32ECG/ECG/Core/Src/main.c:1814:16:QSPI_WriteEnable.constprop	88	static
D:/ProjetoSTM32ECG/ECG/Core/Src/main.c:241:9:Red_ADS1198_DMA	8	static
D:/ProjetoSTM32ECG/ECG/Core/Src/main.c:262:6:Red_ADS1198_DMA_Complete	24	static
D:/ProjetoSTM32ECG/ECG/Core/Src/main.c:351:6:bufclear	0	static
D:/ProjetoSTM32ECG/ECG/Core/Src/main.c:359:5:_write	12	static,ignoring_inline_asm
D:/ProjetoSTM32ECG/ECG/Core/Src/main.c:508:6:SystemClock_Config	88	static
D:/ProjetoSTM32ECG/ECG/Core/Src/main.c:747:6:MX_I2C4_Init	16	static
D:/ProjetoSTM32ECG/ECG/Core/Src/main.c:376:5:main	248	static,ignoring_inline_asm
D:/ProjetoSTM32ECG/ECG/Core/Src/main.c:1924:9:transferSPI	32	static
D:/ProjetoSTM32ECG/ECG/Core/Src/main.c:1933:6:USB_Print	16	static
D:/ProjetoSTM32ECG/ECG/Core/Src/main.c:1940:6:USART_Send	0	static
D:/ProjetoSTM32ECG/ECG/Core/Src/main.c:1957:6:USB_Send4Byte	8	static
D:/ProjetoSTM32ECG/ECG/Core/Src/main.c:1951:6:USART_Send4Byte	0	static
D:/ProjetoSTM32ECG/ECG/Core/Src/main.c:1962:6:USB_Send2Byte	8	static
D:/ProjetoSTM32ECG/ECG/Core/Src/main.c:1967:6:USB_Send16bit	8	static
D:/ProjetoSTM32ECG/ECG/Core/Src/main.c:1974:6:USB_Sendfloat	8	static
D:/ProjetoSTM32ECG/ECG/Core/Src/main.c:1986:6:USB_SendBits	24	static
D:/ProjetoSTM32ECG/ECG/Core/Src/main.c:2004:6:HAL_GPIO_EXTI_Callback	8	static
D:/ProjetoSTM32ECG/ECG/Core/Src/main.c:2047:6:HAL_SPI_TxRxCpltCallback	0	static
D:/ProjetoSTM32ECG/ECG/Core/Src/main.c:2200:6:HAL_TIM_PeriodElapsedCallback	0	static
D:/ProjetoSTM32ECG/ECG/Core/Src/main.c:2217:6:Error_Handler	0	static
